../Core/Src/main.c:37:16:decToBcd	16	static
../Core/Src/main.c:38:12:bcdToDec	16	static
../Core/Src/main.c:40:13:Set_Time	48	static
../Core/Src/main.c:53:13:Get_Time	32	static
../Core/Src/main.c:68:13:lcd_cursor_on	8	static
../Core/Src/main.c:69:13:lcd_cursor_off	8	static
../Core/Src/main.c:102:13:manhinh	16	static
../Core/Src/main.c:115:13:menu_tong	8	static
../Core/Src/main.c:144:13:chonmenu_tong	8	static
../Core/Src/main.c:168:13:menu_baothuc	8	static
../Core/Src/main.c:209:13:chonmenu_baothuc	8	static
../Core/Src/main.c:232:13:tb_baothuc	8	static
../Core/Src/main.c:240:13:tru_ngay_gio	16	static
../Core/Src/main.c:250:13:tru_thang_phut	16	static
../Core/Src/main.c:260:13:cong_ngay_gio	16	static
../Core/Src/main.c:270:13:cong_thang_phut	16	static
../Core/Src/main.c:282:13:hien_thi_bt	24	static
../Core/Src/main.c:316:13:buzzer_on	8	static
../Core/Src/main.c:317:13:buzzer_off	8	static
../Core/Src/main.c:325:16:alarm_stop_requested	8	static
../Core/Src/main.c:334:13:handle_alarm_event	32	static
../Core/Src/main.c:382:5:main	40	static
../Core/Src/main.c:727:13:MX_GPIO_Init	40	static
../Core/Src/main.c:751:13:MX_I2C1_Init	8	static
